IQ-TREE multicore version 2.0.7 for Linux 64-bit built Apr  1 2024
Developed by Bui Quang Minh, Nguyen Lam Tung, Olga Chernomor,
Heiko Schmidt, Dominik Schrempf, Michael Woodhams.

Host:    cb9eefc3a799 (AVX2, FMA3, 12 GB RAM)
Command: iqtree2 -s data/processed/spike_aligned.fasta -m TEST -bb 1000 -nt AUTO -redo
Seed:    779536 (Using SPRNG - Scalable Parallel Random Number Generator)
Time:    Wed Sep 30 11:41:29 2026
Kernel:  AVX+FMA - auto-detect threads (2 CPU cores detected)

Reading alignment file data/processed/spike_aligned.fasta ... Fasta format detected
Alignment most likely contains protein sequences
Alignment has 10 sequences with 1276 columns, 126 distinct patterns
37 parsimony-informative, 3 singleton sites, 1236 constant sites
                 Gap/Ambiguity  Composition  p-value
   1  Reference_WuHan    0.24%    passed    100.00%
   2  Alpha_1            5.25%    passed    100.00%
   3  Alpha_2            0.78%    passed    100.00%
   4  Alpha_3            2.74%    passed    100.00%
   5  Delta_1            0.39%    passed    100.00%
   6  Delta_2            1.96%    passed    100.00%
   7  Delta_3            2.43%    passed    100.00%
   8  Omicron_1          1.33%    passed    100.00%
   9  Omicron_2          0.55%    passed    100.00%
  10  Omicron_3          0.55%    passed    100.00%
****  TOTAL              1.62%  0 sequences failed composition chi2 test (p-value<5%; df=19)
NOTE: Omicron_3 is identical to Omicron_2 but kept for subsequent analysis


Create initial parsimony tree by phylogenetic likelihood library (PLL)... 0.000 seconds
Measuring multi-threading efficiency up to 2 CPU cores
Increase to 10 rounds for branch lengths
92 trees examined
Threads: 1 / Time: 2.029 sec / Speedup: 1.000 / Efficiency: 100% / LogL: -4557
Threads: 2 / Time: 3.568 sec / Speedup: 0.569 / Efficiency: 28% / LogL: -4557
BEST NUMBER OF THREADS: 1

Perform fast likelihood tree search using LG+I+G model...
Estimate model parameters (epsilon = 5.000)
Perform nearest neighbor interchange...
Estimate model parameters (epsilon = 1.000)
1. Initial log-likelihood: -4126.147
Optimal log-likelihood: -4126.144
Proportion of invariable sites: 0.485
Gamma shape alpha: 0.020
Parameters optimization took 1 rounds (0.033 sec)
Time for fast ML tree search: 0.109 seconds

NOTE: ModelFinder requires 1 MB RAM!
ModelFinder will test up to 168 protein models (sample size: 1276) ...
 No. Model         -LnL         df  AIC          AICc         BIC
  1  LG            4134.222     17  8302.444     8302.930     8390.019
  2  LG+I          4125.763     18  8287.526     8288.070     8380.253
  3  LG+G4         4128.150     18  8292.300     8292.844     8385.027
  4  LG+I+G4       4126.141     19  8290.282     8290.887     8388.161
  5  LG+F          4069.810     36  8211.620     8213.770     8397.074
  6  LG+F+I        4061.227     37  8196.454     8198.725     8387.059
  7  LG+F+G4       4063.696     37  8201.391     8203.662     8391.996
  8  LG+F+I+G4     4061.639     38  8199.278     8201.674     8395.034
  9  WAG           4111.440     17  8256.881     8257.367     8344.456
 10  WAG+I         4104.260     18  8244.520     8245.064     8337.247
 11  WAG+G4        4105.791     18  8247.581     8248.125     8340.308
 12  WAG+I+G4      4104.328     19  8246.655     8247.260     8344.533
 13  WAG+F         4059.567     36  8191.134     8193.285     8376.588
 14  WAG+F+I       4052.229     37  8178.459     8180.730     8369.064
 15  WAG+F+G4      4053.860     37  8181.720     8183.991     8372.325
 16  WAG+F+I+G4    4052.323     38  8180.646     8183.042     8376.403
 17  JTT           4102.172     17  8238.345     8238.831     8325.920
 18  JTT+I         4095.117     18  8226.234     8226.778     8318.961
 19  JTT+G4        4096.568     18  8229.136     8229.680     8321.863
 20  JTT+I+G4      4095.166     19  8228.332     8228.937     8326.210
 21  JTT+F         4054.708     36  8181.416     8183.566     8366.870
 22  JTT+F+I       4047.473     37  8168.945     8171.216     8359.550
 23  JTT+F+G4      4049.030     37  8172.061     8174.332     8362.666
 24  JTT+F+I+G4    4047.545     38  8171.089     8173.486     8366.846
 25  JTTDCMut      4102.012     17  8238.024     8238.510     8325.599
 26  JTTDCMut+I    4094.953     18  8225.906     8226.450     8318.632
 27  JTTDCMut+G4   4096.406     18  8228.813     8229.357     8321.539
 28  JTTDCMut+I+G4 4095.002     19  8228.005     8228.610     8325.883
 29  JTTDCMut+F    4055.214     36  8182.427     8184.577     8367.881
 30  JTTDCMut+F+I  4047.966     37  8169.932     8172.203     8360.537
 31  JTTDCMut+F+G4 4049.531     37  8173.063     8175.334     8363.668
 32  JTTDCMut+F+I+G4 4048.040     38  8172.080     8174.476     8367.836
 33  DCMut         4129.292     17  8292.583     8293.070     8380.159
 34  DCMut+I       4119.791     18  8275.581     8276.125     8368.308
 35  DCMut+G4      4122.197     18  8280.393     8280.937     8373.120
 36  DCMut+I+G4    4120.050     19  8278.100     8278.706     8375.979
 37  DCMut+F       4067.321     36  8206.643     8208.793     8392.096
 38  DCMut+F+I     4057.487     37  8188.974     8191.245     8379.578
 39  DCMut+F+G4    4060.128     37  8194.257     8196.528     8384.862
 40  DCMut+F+I+G4  4057.845     38  8191.690     8194.086     8387.446
 41  VT            4110.520     17  8255.041     8255.527     8342.616
 42  VT+I          4103.175     18  8242.350     8242.894     8335.076
 43  VT+G4         4104.822     18  8245.644     8246.188     8338.370
 44  VT+I+G4       4103.278     19  8244.555     8245.161     8342.434
 45  VT+F          4062.984     36  8197.968     8200.118     8383.422
 46  VT+F+I        4055.538     37  8185.076     8187.347     8375.681
 47  VT+F+G4       4057.248     37  8188.497     8190.768     8379.102
 48  VT+F+I+G4     4055.659     38  8187.319     8189.715     8383.075
 49  PMB           4119.732     17  8273.463     8273.950     8361.038
 50  PMB+I         4111.418     18  8258.835     8259.379     8351.562
 51  PMB+G4        4113.721     18  8263.442     8263.986     8356.169
 52  PMB+I+G4      4111.770     19  8261.540     8262.145     8359.418
 53  PMB+F         4071.746     36  8215.492     8217.642     8400.945
 54  PMB+F+I       4063.450     37  8200.900     8203.172     8391.505
 55  PMB+F+G4      4065.742     37  8205.484     8207.756     8396.089
 56  PMB+F+I+G4    4063.798     38  8203.597     8205.993     8399.353
 57  Blosum62      4121.572     17  8277.144     8277.631     8364.720
 58  Blosum62+I    4112.834     18  8261.667     8262.211     8354.394
 59  Blosum62+G4   4115.433     18  8266.866     8267.410     8359.593
 60  Blosum62+I+G4 4113.322     19  8264.643     8265.248     8362.522
 61  Blosum62+F    4073.879     36  8219.758     8221.908     8405.211
 62  Blosum62+F+I  4065.243     37  8204.487     8206.758     8395.092
 63  Blosum62+F+G4 4067.770     37  8209.541     8211.812     8400.146
 64  Blosum62+F+I+G4 4065.697     38  8207.395     8209.791     8403.151
 65  Dayhoff       4129.353     17  8292.706     8293.192     8380.281
 66  Dayhoff+I     4119.845     18  8275.691     8276.235     8368.418
 67  Dayhoff+G4    4122.255     18  8280.510     8281.054     8373.236
 68  Dayhoff+I+G4  4120.106     19  8278.212     8278.817     8376.090
 69  Dayhoff+F     4067.389     36  8206.777     8208.927     8392.231
 70  Dayhoff+F+I   4057.548     37  8189.095     8191.367     8379.700
 71  Dayhoff+F+G4  4060.193     37  8194.386     8196.657     8384.991
 72  Dayhoff+F+I+G4 4057.907     38  8191.814     8194.210     8387.570
 73  mtREV         4289.023     17  8612.045     8612.532     8699.620
 74  mtREV+I       4278.471     18  8592.942     8593.486     8685.669
 75  mtREV+G4      4282.254     18  8600.507     8601.051     8693.234
 76  mtREV+I+G4    4279.506     19  8597.012     8597.618     8694.891
 77  mtREV+F       4068.317     36  8208.633     8210.783     8394.087
 78  mtREV+F+I     4059.602     37  8193.204     8195.476     8383.809
 79  mtREV+F+G4    4062.078     37  8198.156     8200.428     8388.761
 80  mtREV+F+I+G4  4059.966     38  8195.932     8198.328     8391.688
 81  mtART         4333.185     17  8700.371     8700.857     8787.946
 82  mtART+I       4303.095     18  8642.190     8642.735     8734.917
 83  mtART+G4      4321.472     18  8678.944     8679.488     8771.671
 84  mtART+I+G4    4303.607     19  8645.215     8645.820     8743.093
 85  mtART+F       4118.816     36  8309.631     8311.782     8495.085
 86  mtART+F+I     4092.670     37  8259.341     8261.612     8449.946
 87  mtART+F+G4    4107.381     37  8288.761     8291.032     8479.366
 88  mtART+F+I+G4  4100.414     38  8276.828     8279.225     8472.585
 89  mtZOA         4290.681     17  8615.361     8615.848     8702.937
 90  mtZOA+I       4274.457     18  8584.913     8585.457     8677.640
 91  mtZOA+G4      4282.898     18  8601.796     8602.340     8694.522
 92  mtZOA+I+G4    4278.579     19  8595.158     8595.763     8693.036
 93  mtZOA+F       4086.700     36  8245.401     8247.551     8430.854
 94  mtZOA+F+I     4074.031     37  8222.062     8224.334     8412.667
 95  mtZOA+F+G4    4079.565     37  8233.131     8235.402     8423.736
 96  mtZOA+F+I+G4  4076.181     38  8228.362     8230.758     8424.118
 97  mtMet         4273.316     17  8580.632     8581.118     8668.207
 98  mtMet+I       4261.063     18  8558.127     8558.671     8650.854
 99  mtMet+G4      4266.232     18  8568.464     8569.008     8661.191
100  mtMet+I+G4    4262.948     19  8563.895     8564.500     8661.773
101  mtMet+F       4067.336     36  8206.671     8208.821     8392.124
102  mtMet+F+I     4057.620     37  8189.241     8191.512     8379.846
103  mtMet+F+G4    4060.858     37  8195.716     8197.987     8386.321
104  mtMet+F+I+G4  4058.376     38  8192.752     8195.148     8388.508
105  mtVer         4302.298     17  8638.595     8639.082     8726.170
106  mtVer+I       4289.342     18  8614.683     8615.228     8707.410
107  mtVer+G4      4295.001     18  8626.002     8626.547     8718.729
108  mtVer+I+G4    4291.471     19  8620.942     8621.548     8718.821
109  mtVer+F       4063.465     36  8198.930     8201.080     8384.383
110  mtVer+F+I     4054.144     37  8182.288     8184.559     8372.893
111  mtVer+F+G4    4057.073     37  8188.147     8190.418     8378.752
112  mtVer+F+I+G4  4054.727     38  8185.455     8187.851     8381.211
113  mtInv         4328.835     17  8691.670     8692.156     8779.245
114  mtInv+I       4317.352     18  8670.704     8671.248     8763.431
115  mtInv+G4      4321.895     18  8679.790     8680.334     8772.516
116  mtInv+I+G4    4318.881     19  8675.762     8676.367     8773.640
117  mtInv+F       4068.673     36  8209.346     8211.496     8394.800
118  mtInv+F+I     4059.492     37  8192.984     8195.255     8383.589
119  mtInv+F+G4    4062.364     37  8198.728     8201.000     8389.333
120  mtInv+F+I+G4  4060.083     38  8196.166     8198.562     8391.923
121  mtMAM         4317.548     17  8669.095     8669.582     8756.670
122  mtMAM+I       4289.156     18  8614.311     8614.855     8707.038
123  mtMAM+G4      4303.666     18  8643.331     8643.875     8736.058
124  mtMAM+I+G4    4290.299     19  8618.599     8619.204     8716.477
125  mtMAM+F       4090.740     36  8253.481     8255.631     8438.934
126  mtMAM+F+I     4067.828     37  8209.655     8211.926     8400.260
127  mtMAM+F+G4    4077.923     37  8229.846     8232.118     8420.451
128  mtMAM+F+I+G4  4071.807     38  8219.614     8222.010     8415.371
129  HIVb          4138.578     17  8311.156     8311.643     8398.731
130  HIVb+I        4131.392     18  8298.784     8299.328     8391.511
131  HIVb+G4       4132.906     18  8301.813     8302.357     8394.539
132  HIVb+I+G4     4131.450     19  8300.899     8301.504     8398.777
133  HIVb+F        4048.094     36  8168.187     8170.337     8353.641
134  HIVb+F+I      4040.764     37  8155.529     8157.800     8346.134
135  HIVb+F+G4     4042.370     37  8158.739     8161.010     8349.344
136  HIVb+F+I+G4   4040.845     38  8157.689     8160.085     8353.445
137  HIVw          4127.702     17  8289.403     8289.890     8376.978
138  HIVw+I        4120.673     18  8277.345     8277.889     8370.072
139  HIVw+G4       4122.076     18  8280.151     8280.695     8372.878
140  HIVw+I+G4     4120.704     19  8279.408     8280.013     8377.286
141  HIVw+F        4042.600     36  8157.199     8159.350     8342.653
142  HIVw+F+I      4035.560     37  8145.120     8147.391     8335.725
143  HIVw+F+G4     4036.982     37  8147.964     8150.235     8338.569
144  HIVw+F+I+G4   4035.598     38  8147.195     8149.592     8342.952
145  FLU           4096.281     17  8226.563     8227.049     8314.138
146  FLU+I         4087.990     18  8211.981     8212.525     8304.708
147  FLU+G4        4090.204     18  8216.408     8216.952     8309.135
148  FLU+I+G4      4088.261     19  8214.522     8215.127     8312.401
149  FLU+F         4052.960     36  8177.920     8180.070     8363.374
150  FLU+F+I       4044.384     37  8162.769     8165.040     8353.373
151  FLU+F+G4      4046.788     37  8167.576     8169.847     8358.181
152  FLU+F+I+G4    4044.730     38  8165.460     8167.856     8361.216
153  rtREV         4177.921     17  8389.842     8390.329     8477.417
154  rtREV+I       4167.065     18  8370.129     8370.673     8462.856
155  rtREV+G4      4171.099     18  8378.198     8378.742     8470.925
156  rtREV+I+G4    4168.283     19  8374.565     8375.170     8472.444
157  rtREV+F       4083.998     36  8239.995     8242.145     8425.449
158  rtREV+F+I     4073.083     37  8220.166     8222.437     8410.771
159  rtREV+F+G4    4077.172     37  8228.344     8230.616     8418.949
160  rtREV+F+I+G4  4074.339     38  8224.679     8227.075     8420.435
161  cpREV         4135.084     17  8304.168     8304.655     8391.743
162  cpREV+I       4127.372     18  8290.744     8291.289     8383.471
163  cpREV+G4      4129.229     18  8294.458     8295.002     8387.185
164  cpREV+I+G4    4127.527     19  8293.054     8293.659     8390.932
165  cpREV+F       4060.903     36  8193.806     8195.957     8379.260
166  cpREV+F+I     4053.312     37  8180.625     8182.896     8371.230
167  cpREV+F+G4    4055.091     37  8184.181     8186.453     8374.786
168  cpREV+F+I+G4  4053.443     38  8182.887     8185.283     8378.643
Akaike Information Criterion:           HIVw+F+I
Corrected Akaike Information Criterion: HIVw+F+I
Bayesian Information Criterion:         FLU+I
Best-fit model: FLU+I chosen according to BIC

All model information printed to data/processed/spike_aligned.fasta.model.gz
CPU time for ModelFinder: 15.324 seconds (0h:0m:15s)
Wall-clock time for ModelFinder: 14.663 seconds (0h:0m:14s)
Generating 1000 samples for ultrafast bootstrap (seed: 779536)...

NOTE: 0 MB RAM (0 GB) is required!
Estimate model parameters (epsilon = 0.100)
1. Initial log-likelihood: -4087.990
Optimal log-likelihood: -4087.990
Proportion of invariable sites: 0.903
Parameters optimization took 1 rounds (0.006 sec)
Computing ML distances based on estimated model parameters... 0.006 sec
Computing BIONJ tree...
0.000 seconds
Log-likelihood of BIONJ tree: -4088.001
--------------------------------------------------------------------
|             INITIALIZING CANDIDATE TREE SET                      |
--------------------------------------------------------------------
Generating 98 parsimony trees... 0.036 second
Computing log-likelihood of 89 initial trees ... 0.107 seconds
Current best score: -4087.990

Do NNI search on 20 best initial trees
Estimate model parameters (epsilon = 0.100)
BETTER TREE FOUND at iteration 1: -4087.990
UPDATE BEST LOG-LIKELIHOOD: -4087.990
Iteration 10 / LogL: -4087.990 / Time: 0h:0m:0s
UPDATE BEST LOG-LIKELIHOOD: -4087.989
UPDATE BEST LOG-LIKELIHOOD: -4087.989
Iteration 20 / LogL: -4087.990 / Time: 0h:0m:0s
Finish initializing candidate tree set (6)
Current best tree score: -4087.989 / CPU time: 0.423
Number of iterations: 20
--------------------------------------------------------------------
|               OPTIMIZING CANDIDATE TREE SET                      |
--------------------------------------------------------------------
UPDATE BEST LOG-LIKELIHOOD: -4087.989
Iteration 30 / LogL: -4100.246 / Time: 0h:0m:0s (0h:0m:1s left)
UPDATE BEST LOG-LIKELIHOOD: -4087.989
Iteration 40 / LogL: -4087.989 / Time: 0h:0m:1s (0h:0m:1s left)
Iteration 50 / LogL: -4087.989 / Time: 0h:0m:1s (0h:0m:1s left)
Log-likelihood cutoff on original alignment: -4107.820
Iteration 60 / LogL: -4087.989 / Time: 0h:0m:1s (0h:0m:1s left)
Iteration 70 / LogL: -4087.989 / Time: 0h:0m:2s (0h:0m:0s left)
UPDATE BEST LOG-LIKELIHOOD: -4087.989
Iteration 80 / LogL: -4087.989 / Time: 0h:0m:2s (0h:0m:0s left)
Iteration 90 / LogL: -4087.989 / Time: 0h:0m:2s (0h:0m:0s left)
Iteration 100 / LogL: -4087.989 / Time: 0h:0m:3s (0h:0m:0s left)
Log-likelihood cutoff on original alignment: -4109.550
NOTE: Bootstrap correlation coefficient of split occurrence frequencies: 0.995
TREE SEARCH COMPLETED AFTER 102 ITERATIONS / Time: 0h:0m:3s

--------------------------------------------------------------------
|                    FINALIZING TREE SEARCH                        |
--------------------------------------------------------------------
Performs final model parameters optimization
Estimate model parameters (epsilon = 0.010)
1. Initial log-likelihood: -4087.989
Optimal log-likelihood: -4087.989
Proportion of invariable sites: 0.903
Parameters optimization took 1 rounds (0.007 sec)
BEST SCORE FOUND : -4087.989
Creating bootstrap support values...
Split supports printed to NEXUS file data/processed/spike_aligned.fasta.splits.nex
Total tree length: 0.041

Total number of iterations: 102
CPU time used for tree search: 3.197 sec (0h:0m:3s)
Wall-clock time used for tree search: 3.306 sec (0h:0m:3s)
Total CPU time used: 3.275 sec (0h:0m:3s)
Total wall-clock time used: 3.386 sec (0h:0m:3s)

Computing bootstrap consensus tree...
Reading input file data/processed/spike_aligned.fasta.splits.nex...
10 taxa and 43 splits.
Consensus tree written to data/processed/spike_aligned.fasta.contree
Reading input trees file data/processed/spike_aligned.fasta.contree
Log-likelihood of consensus tree: -4088.003

Analysis results written to: 
  IQ-TREE report:                data/processed/spike_aligned.fasta.iqtree
  Maximum-likelihood tree:       data/processed/spike_aligned.fasta.treefile
  Likelihood distances:          data/processed/spike_aligned.fasta.mldist

Ultrafast bootstrap approximation results written to:
  Split support values:          data/processed/spike_aligned.fasta.splits.nex
  Consensus tree:                data/processed/spike_aligned.fasta.contree
  Screen log file:               data/processed/spike_aligned.fasta.log

Date and Time: Wed Sep 30 11:41:47 2026
